   Compiling proc-macro2 v1.0.106
   Compiling quote v1.0.45
   Compiling unicode-ident v1.0.24
   Compiling libc v0.2.186
   Compiling cfg-if v1.0.4
   Compiling serde_core v1.0.228
   Compiling serde v1.0.228
   Compiling memchr v2.8.0
   Compiling version_check v0.9.5
   Compiling log v0.4.29
   Compiling rustversion v1.0.22
   Compiling equivalent v1.0.2
   Compiling smallvec v1.15.1
   Compiling once_cell v1.21.4
   Compiling bitflags v2.11.1
   Compiling ident_case v1.0.1
   Compiling generic-array v0.14.7
   Compiling strsim v0.11.1
   Compiling parking_lot_core v0.9.12
   Compiling aho-corasick v1.1.4
   Compiling signal-hook v0.3.18
   Compiling regex-syntax v0.8.11
   Compiling typenum v1.20.0
   Compiling tracing-core v0.1.36
   Compiling rustix v0.38.44
   Compiling getrandom v0.4.2
   Compiling scopeguard v1.2.0
   Compiling regex-automata v0.4.14
   Compiling autocfg v1.5.0
   Compiling crossbeam-utils v0.8.21
   Compiling num-traits v0.2.19
   Compiling lock_api v0.4.14
   Compiling itoa v1.0.18
   Compiling hashbrown v0.17.1
   Compiling allocator-api2 v0.2.21
   Compiling foldhash v0.1.5
   Compiling rustix v1.1.4
   Compiling either v1.15.0
   Compiling pin-project-lite v0.2.17
   Compiling thiserror v2.0.18
   Compiling cfg_aliases v0.2.1
   Compiling instability v0.3.12
   Compiling paste v1.0.15
   Compiling heck v0.5.0
   Compiling lazy_static v1.5.0
   Compiling zmij v1.0.21
   Compiling sharded-slab v0.1.7
   Compiling crypto-common v0.1.7
   Compiling block-buffer v0.10.4
   Compiling matchers v0.2.0
   Compiling nix v0.29.0
   Compiling castaway v0.2.4
   Compiling errno v0.3.14
   Compiling signal-hook-registry v1.4.8
   Compiling mio v1.2.0
   Compiling parking_lot v0.12.5
   Compiling syn v2.0.117
   Compiling signal-hook-mio v0.2.5
   Compiling itertools v0.13.0
   Compiling hashbrown v0.15.5
   Compiling indexmap v2.14.0
   Compiling tracing-log v0.2.0
   Compiling thread_local v1.1.9
   Compiling serde_json v1.0.149
   Compiling core-foundation-sys v0.8.7
   Compiling ryu v1.0.23
   Compiling powerfmt v0.2.0
   Compiling indoc v2.0.7
   Compiling unicode-width v0.1.14
   Compiling toml_write v0.1.2
   Compiling static_assertions v1.1.0
   Compiling time-core v0.1.9
   Compiling num-conv v0.2.2
   Compiling winnow v0.7.15
   Compiling nu-ansi-term v0.50.3
   Compiling deranged v0.5.8
   Compiling unicode-segmentation v1.13.2
   Compiling crossterm v0.28.1
   Compiling iana-time-zone v0.1.65
   Compiling darling_core v0.23.0
   Compiling time v0.3.51
   Compiling unicode-truncate v1.1.0
   Compiling lru v0.12.5
   Compiling crossbeam-channel v0.5.15
   Compiling cpufeatures v0.2.17
   Compiling digest v0.10.7
   Compiling symlink v0.1.0
   Compiling fastrand v2.4.1
   Compiling cassowary v0.3.0
   Compiling sha2 v0.10.9
   Compiling uuid v1.23.3
   Compiling serde_derive v1.0.228
   Compiling tracing-attributes v0.1.31
   Compiling thiserror-impl v2.0.18
   Compiling strum_macros v0.26.4
   Compiling wait-timeout v0.2.1
   Compiling regex v1.12.4
   Compiling qrcode v0.14.1
   Compiling darling_macro v0.23.0
   Compiling tracing v0.1.44
   Compiling darling v0.23.0
   Compiling compact_str v0.8.1
   Compiling tempfile v3.27.0
   Compiling strum v0.26.3
   Compiling tracing-subscriber v0.3.23
   Compiling tracing-appender v0.2.5
   Compiling toml_datetime v0.6.11
   Compiling serde_spanned v0.6.9
   Compiling chrono v0.4.44
   Compiling toml_edit v0.22.27
   Compiling ratatui v0.28.1
   Compiling toml v0.8.23
   Compiling cosh-shell v0.15.0 (/Users/quejianming/vscode/cosh-shell-dev/anolisa/.worktrees/cosh-2105-ledger-exit-code/src/cosh-ng/crates/cosh-shell)
    Finished `test` profile [unoptimized + debuginfo] target(s) in 35.84s
     Running unittests src/main.rs (target/debug/deps/cosh_shell-5cf5b7ce5bdac87c)

running 1 test
test ledger::tests::command_failed_no_exit_code_does_not_default_to_zero ... FAILED

failures:

---- ledger::tests::command_failed_no_exit_code_does_not_default_to_zero stdout ----

thread 'ledger::tests::command_failed_no_exit_code_does_not_default_to_zero' (30404278) panicked at crates/cosh-shell/src/ledger/mod.rs:152:9:
assertion `left != right` failed: CommandFailed without an exit code must not surface success exit 0
  left: 0
 right: 0
note: run with `RUST_BACKTRACE=1` environment variable to display a backtrace


failures:
    ledger::tests::command_failed_no_exit_code_does_not_default_to_zero

test result: FAILED. 0 passed; 1 failed; 0 ignored; 0 measured; 2383 filtered out; finished in 0.00s

error: test failed, to rerun pass `-p cosh-shell --bin cosh-shell`
